teacher xl from _folded-xlqat.npz
  teacher view 1/16 (16s)
  teacher view 2/16 (32s)
  teacher view 3/16 (49s)
  teacher view 4/16 (64s)
  teacher view 5/16 (80s)
  teacher view 6/16 (96s)
  teacher view 7/16 (111s)
  teacher view 8/16 (128s)
  teacher view 9/16 (145s)
  teacher view 10/16 (162s)
  teacher view 11/16 (179s)
  teacher view 12/16 (196s)
  teacher view 13/16 (212s)
  teacher view 14/16 (227s)
  teacher view 15/16 (243s)
  teacher view 16/16 (260s)
  teacher val 85.50%; cache (16, 45000, 10)
  7,578 params, alpha=0.9 T=4.0
  ep   1/30 loss 1.410 val 42.46% ema 9.60% (9s)
  ep   4/30 loss 0.718 val 33.80% ema 66.08% (27s)
  ep   7/30 loss 0.611 val 54.50% ema 71.26% (48s)
  ep  10/30 loss 0.565 val 65.16% ema 72.70% (68s)
  ep  13/30 loss 0.539 val 55.94% ema 72.40% (86s)
  ep  16/30 loss 0.517 val 67.50% ema 73.40% (107s)
  ep  19/30 loss 0.494 val 69.64% ema 74.34% (128s)
  ep  22/30 loss 0.466 val 68.88% ema 74.66% (148s)
  ep  25/30 loss 0.439 val 72.88% ema 74.82% (170s)
  ep  28/30 loss 0.409 val 75.32% ema 75.64% (191s)
  ep  30/30 loss 0.399 val 75.68% ema 75.66% (205s)
  float val: raw 75.68% ema 75.66% -> using raw
  qat ep 1/8 val(quant) 44.88% * (7s)
  qat ep 2/8 val(quant) 73.48% * (15s)
  qat ep 3/8 val(quant) 73.54% * (22s)
  qat ep 4/8 val(quant) 72.98% (29s)
  qat ep 5/8 val(quant) 72.18% (36s)
  qat ep 6/8 val(quant) 73.26% (44s)
  qat ep 7/8 val(quant) 69.04% (51s)
  qat ep 8/8 val(quant) 73.70% * (58s)
  qat best val 73.70%
  cnntkd-4b-qat: quantized val 73.70%  (5,290 B)
  cnntkd-4b-qat: 73.68% on 10000 test images  |  5,290 B (xz; raw 5,885 / gz 5,419 / xz 5,290)
