teacher xl from _folded-xlqat.npz
  teacher view 1/64 (16s)
  teacher view 2/64 (32s)
  teacher view 3/64 (49s)
  teacher view 4/64 (66s)
  teacher view 5/64 (83s)
  teacher view 6/64 (98s)
  teacher view 7/64 (113s)
  teacher view 8/64 (129s)
  teacher view 9/64 (145s)
  teacher view 10/64 (160s)
  teacher view 11/64 (176s)
  teacher view 12/64 (191s)
  teacher view 13/64 (207s)
  teacher view 14/64 (222s)
  teacher view 15/64 (238s)
  teacher view 16/64 (254s)
  teacher view 17/64 (269s)
  teacher view 18/64 (285s)
  teacher view 19/64 (301s)
  teacher view 20/64 (318s)
  teacher view 21/64 (334s)
  teacher view 22/64 (350s)
  teacher view 23/64 (366s)
  teacher view 24/64 (381s)
  teacher view 25/64 (397s)
  teacher view 26/64 (412s)
  teacher view 27/64 (427s)
  teacher view 28/64 (443s)
  teacher view 29/64 (458s)
  teacher view 30/64 (474s)
  teacher view 31/64 (489s)
  teacher view 32/64 (505s)
  teacher view 33/64 (521s)
  teacher view 34/64 (537s)
  teacher view 35/64 (553s)
  teacher view 36/64 (570s)
  teacher view 37/64 (586s)
  teacher view 38/64 (601s)
  teacher view 39/64 (617s)
  teacher view 40/64 (632s)
  teacher view 41/64 (648s)
  teacher view 42/64 (663s)
  teacher view 43/64 (679s)
  teacher view 44/64 (694s)
  teacher view 45/64 (710s)
  teacher view 46/64 (725s)
  teacher view 47/64 (741s)
  teacher view 48/64 (756s)
  teacher view 49/64 (772s)
  teacher view 50/64 (788s)
  teacher view 51/64 (805s)
  teacher view 52/64 (820s)
  teacher view 53/64 (836s)
  teacher view 54/64 (851s)
  teacher view 55/64 (866s)
  teacher view 56/64 (882s)
  teacher view 57/64 (898s)
  teacher view 58/64 (913s)
  teacher view 59/64 (930s)
  teacher view 60/64 (946s)
  teacher view 61/64 (962s)
  teacher view 62/64 (978s)
  teacher view 63/64 (993s)
  teacher view 64/64 (1009s)
  teacher val 85.50%; cache (64, 45000, 10)
  7,578 params, alpha=0.9 T=4.0
  ep   1/30 loss 1.404 val 43.48% ema 9.60% (7s)
  ep   4/30 loss 0.737 val 54.08% ema 64.18% (29s)
  ep   7/30 loss 0.648 val 51.94% ema 69.48% (48s)
  ep  10/30 loss 0.581 val 62.68% ema 72.30% (68s)
  ep  13/30 loss 0.546 val 58.94% ema 73.48% (88s)
  ep  16/30 loss 0.522 val 69.70% ema 74.26% (106s)
  ep  19/30 loss 0.497 val 70.36% ema 74.68% (126s)
  ep  22/30 loss 0.471 val 69.36% ema 75.40% (146s)
  ep  25/30 loss 0.445 val 73.04% ema 75.64% (165s)
  ep  28/30 loss 0.412 val 75.60% ema 75.98% (185s)
  ep  30/30 loss 0.403 val 76.16% ema 76.04% (198s)
  float val: raw 76.16% ema 76.04% -> using raw
  qat ep 1/8 val(quant) 73.30% * (7s)
  qat ep 2/8 val(quant) 72.14% (14s)
  qat ep 3/8 val(quant) 70.34% (21s)
  qat ep 4/8 val(quant) 74.52% * (27s)
  qat ep 5/8 val(quant) 73.98% (35s)
  qat ep 6/8 val(quant) 72.24% (42s)
  qat ep 7/8 val(quant) 72.96% (48s)
  qat ep 8/8 val(quant) 75.06% * (56s)
  qat best val 75.06%
  cnntkd64-4b-qat: quantized val 75.06%  (5,302 B)
  cnntkd64-4b-qat: 74.76% on 10000 test images  |  5,302 B (xz; raw 5,885 / gz 5,419 / xz 5,302)
